1>Producto agregado 50 - prod50.
2>Fecha definida en forma exitosa.
3>Al producto 50 se le agregaron 2 unidades con fecha de vencimiento 1/5/2023.
4>Al producto 50 se le agregaron 5 unidades con fecha de vencimiento 1/5/2024.
5>Al producto 50 se le agregaron 2 unidades con fecha de vencimiento 1/5/2025.
6>Al producto 50 se le agregaron 5 unidades con fecha de vencimiento 1/5/2026.
7>Informaci贸n del producto 50 - prod50
Total de unidades: 14
1/5/2023 -> 2 
1/5/2024 -> 5 
1/5/2025 -> 2 
1/5/2026 -> 5 
8>Fecha definida en forma exitosa.
9>Informaci贸n del producto 50 - prod50
Total de unidades: 14
1/5/2023 -> 2 
1/5/2024 -> 5 
1/5/2025 -> 2 
1/5/2026 -> 5 
10>Fecha definida en forma exitosa.
11>Informaci贸n del producto 50 - prod50
Total de unidades: 5
1/5/2026 -> 5 
12>Fecha definida en forma exitosa.
13>Informaci贸n del producto 50 - prod50
Total de unidades: 0
14>Fin.
